// Jest Snapshot v1, https://goo.gl/fbAQLP

exports[`ErrorBoundary component tests render ErrorBoundary component 1`] = `
<ErrorBoundary>
  <styled.div>
    <div
      className="sc-bdnylx isrdjP"
    >
      <styled.div
        imageUrl="https://i.imgur.com/yW2W9SC.png"
      >
        <div
          className="sc-gtssRu lbSEHR"
        />
      </styled.div>
      <styled.h2>
        <h2
          className="sc-dlnjPT hcKcXE"
        >
          Sorry this page is broken
        </h2>
      </styled.h2>
    </div>
  </styled.div>
</ErrorBoundary>
`;
