// Jest Snapshot v1, https://goo.gl/fbAQLP

exports[`<Directory /> testing render Directory component 1`] = `
<directorystyles__DirectoryMenuContainer>
  <withRouter(MenuItem)
    imageUrl="https://i.ibb.co/cvpntL1/hats.png"
    key="1"
    linkUrl="shop/hats"
    title="hats"
  />
  <withRouter(MenuItem)
    imageUrl="https://i.ibb.co/px2tCc3/jackets.png"
    key="2"
    linkUrl="shop/jackets"
    title="jackets"
  />
</directorystyles__DirectoryMenuContainer>
`;
